// Jest Snapshot v1, https://goo.gl/fbAQLP

exports[`store snapshot 1`] = `
Object {
  "actions": Object {
    "fetch": [Function],
  },
  "mutations": Object {
    "SET_USERS": [Function],
  },
  "namespaced": true,
  "state": Object {
    "users": Array [],
  },
}
`;
