// Jest Snapshot v1, https://goo.gl/fbAQLP

exports[`Component snapshot 1`] = `
<a
  href="mailto:test@example.com"
>
  <span>
    test@example.com
  </span>
  <i
    class="far fa-address-book"
  />
</a>
`;
