// Jest Snapshot v1, https://goo.gl/fbAQLP

exports[`Component snapshot 1`] = `
<div
  class="user-list"
>
  <h2>
    user-list
  </h2>
  <span>
    <emaillink-stub
      email="test@example.com"
    />
  </span>
</div>
`;
